I'm sorry, but errors were detected in your script. Please correct the
errors listed below, and try again.


File "game/script.rpy", line 243: expected 'label_name' not found.
    jump 
        ^

Ren'Py Version: Ren'Py 8.3.4.24120703
Thu Dec 12 22:49:45 2024
